// Jest Snapshot v1, https://goo.gl/fbAQLP

exports[`Testing Selector component Selector component should render correctly 1`] = `[Function]`;
