// Jest Snapshot v1, https://goo.gl/fbAQLP

exports[`Testing RoundedImage component RoundedImage component should render correctly 1`] = `[Function]`;
